Microchip MPLAB XC8 Compiler V2.00 ()

Linker command line:

-W-3 --edf=C:\Program Files (x86)\Microchip\xc8\v2.00\pic\dat\en_msgs.txt \
  -cs -h+dist/default/production\LIFPIC.X.production.sym \
  --cmf=dist/default/production\LIFPIC.X.production.cmf -z -Q16F877A \
  -oC:\Users\TONCHE~1\AppData\Local\Temp\s69g.2 --defsym=__MPLAB_BUILD=1 \
  -Mdist/default/production/LIFPIC.X.production.map -E1 -ver=XC8 \
  --acfsm=1493 -ASTACK=0110h-016fh -pstack=STACK -ACODE=00h-07FFhx4 \
  -ASTRCODE=00h-01FFFh -ASTRING=00h-0FFhx32 -ACONST=00h-0FFhx32 \
  -AENTRY=00h-0FFhx32 -ACOMMON=070h-07Fh -ABANK0=020h-06Fh \
  -ABANK1=0A0h-0EFh -ABANK2=0110h-016Fh -ABANK3=0190h-01EFh \
  -ARAM=020h-06Fh,0A0h-0EFh,0110h-016Fh,0190h-01EFh \
  -AABS1=020h-07Fh,0A0h-0EFh,0110h-016Fh,0190h-01EFh -ASFR0=00h-01Fh \
  -ASFR1=080h-09Fh -ASFR2=0100h-010Fh -ASFR3=0180h-018Fh \
  -preset_vec=00h,intentry,init,end_init -ppowerup=CODE -pcinit=CODE \
  -pfunctab=ENTRY -ACONFIG=02007h-02007h -pconfig=CONFIG -DCONFIG=2 \
  -AIDLOC=02000h-02003h -pidloc=IDLOC -DIDLOC=2 -AEEDATA=00h-0FFh/02100h \
  -peeprom_data=EEDATA -DEEDATA=2 -DCODE=2 -DSTRCODE=2 -DSTRING=2 -DCONST=2 \
  -DENTRY=2 -k C:\Users\TONCHE~1\AppData\Local\Temp\s69g.o \
  dist/default/production\LIFPIC.X.production.o 

Object code version is 3.11

Machine type is 16F877A



                Name                               Link     Load   Length Selector   Space Scale
C:\Users\TONCHE~1\AppData\Local\Temp\s69g.o
                end_init                              0        0        3        0       0
                config                             2007     2007        1     400E       0
dist/default/production\LIFPIC.X.production.o
                cinit                               7D6      7D6       2A      FAC       0
                text22                                4        4        F        8       0
                text21                               13       13       2C       26       0
                text20                              B25      B25       4E     164A       0
                text19                              BD6      BD6       67     17AC       0
                text18                              5CD      5CD      209      B9A       0
                text17                              D57      D57       9C     1AAE       0
                text16                              F3E      F3E       C2     1E7C       0
                text15                              36A      36A      129      6D4       0
                text14                              247      247      123      48E       0
                text13                              CC3      CC3       94     1986       0
                text12                              C3D      C3D       86     187A       0
                text11                              ADD      ADD       48     15BA       0
                text10                              126      126      121      24C       0
                text9                               493      493      13A      926       0
                text8                               AA8      AA8       17     1550       0
                text7                               A7D      A7D        B     14FA       0
                text6                               A88      A88        C     1510       0
                text5                                3F       3F       E7       7E       0
                text4                               E98      E98       A6     1D30       0
                text3                               DF3      DF3       A5     1BE6       0
                text2                               ABF      ABF       1E     157E       0
                text1                               B73      B73       63     16E6       0
                maintext                            A94      A94       14     1528       0
                cstackBANK0                          20       20       3B       20       1
                cstackCOMMON                         70       70        E       70       1
                dataBANK0                            69       69        4       20       1
                bssBANK0                             5B       5B        E       20       1
                idataBANK0                          A79      A79        4     14F2       0

TOTAL           Name                               Link     Load   Length     Space
        CLASS   STACK          

        CLASS   CODE           
                end_init                              0        0        3         0
                cinit                               7D6      7D6       2A         0
                text22                                4        4        F         0
                text21                               13       13       2C         0
                text20                              B25      B25       4E         0
                text19                              BD6      BD6       67         0
                text18                              5CD      5CD      209         0
                text17                              D57      D57       9C         0
                text16                              F3E      F3E       C2         0
                text15                              36A      36A      129         0
                text14                              247      247      123         0
                text13                              CC3      CC3       94         0
                text12                              C3D      C3D       86         0
                text11                              ADD      ADD       48         0
                text10                              126      126      121         0
                text9                               493      493      13A         0
                text8                               AA8      AA8       17         0
                text7                               A7D      A7D        B         0
                text6                               A88      A88        C         0
                text5                                3F       3F       E7         0
                text4                               E98      E98       A6         0
                text3                               DF3      DF3       A5         0
                text2                               ABF      ABF       1E         0
                text1                               B73      B73       63         0
                maintext                            A94      A94       14         0
                idataBANK0                          A79      A79        4         0

        CLASS   STRCODE        

        CLASS   STRING         

        CLASS   CONST          

        CLASS   ENTRY          

        CLASS   COMMON         
                cstackCOMMON                         70       70        E         1

        CLASS   BANK0          
                cstackBANK0                          20       20       3B         1
                dataBANK0                            69       69        4         1
                bssBANK0                             5B       5B        E         1

        CLASS   BANK1          

        CLASS   BANK2          

        CLASS   BANK3          

        CLASS   RAM            

        CLASS   ABS1           
                abs_s1                               7E       7E        2         1

        CLASS   SFR0           

        CLASS   SFR1           

        CLASS   SFR2           

        CLASS   SFR3           

        CLASS   CONFIG         
                config                             2007     2007        1         0

        CLASS   IDLOC          

        CLASS   EEDATA         



SEGMENTS        Name                           Load    Length   Top    Selector   Space  Class     Delta

                reset_vec                      000000  000003  000003         0       0  CODE        2
                text22                         000004  00000F  000013         8       0  CODE        2
                cstackBANK0                    000020  00004D  00006D        20       1  BANK0       1
                text21                         000013  00002C  00003F        26       0  CODE        2
                cstackCOMMON                   000070  00000E  00007E        70       1  COMMON      1
                text5                          00003F  0000E7  000126        7E       0  CODE        2
                text10                         000126  000121  000247       24C       0  CODE        2
                text14                         000247  000123  00036A       48E       0  CODE        2
                text15                         00036A  000129  000493       6D4       0  CODE        2
                text9                          000493  00013A  0005CD       926       0  CODE        2
                text18                         0005CD  000209  0007D6       B9A       0  CODE        2
                cinit                          0007D6  00002A  000800       FAC       0  CODE        2
                idataBANK0                     000A79  000004  000A7D      14F2       0  CODE        2
                text7                          000A7D  00000B  000A88      14FA       0  CODE        2
                text6                          000A88  00000C  000A94      1510       0  CODE        2
                maintext                       000A94  000014  000AA8      1528       0  CODE        2
                text8                          000AA8  000017  000ABF      1550       0  CODE        2
                text2                          000ABF  00001E  000ADD      157E       0  CODE        2
                text11                         000ADD  000048  000B25      15BA       0  CODE        2
                text20                         000B25  00004E  000B73      164A       0  CODE        2
                text1                          000B73  000063  000BD6      16E6       0  CODE        2
                text19                         000BD6  000067  000C3D      17AC       0  CODE        2
                text12                         000C3D  000086  000CC3      187A       0  CODE        2
                text13                         000CC3  000094  000D57      1986       0  CODE        2
                text17                         000D57  00009C  000DF3      1AAE       0  CODE        2
                text3                          000DF3  0000A5  000E98      1BE6       0  CODE        2
                text4                          000E98  0000A6  000F3E      1D30       0  CODE        2
                text16                         000F3E  0000C2  001000      1E7C       0  CODE        2
                config                         002007  000001  002008      400E       0  CONFIG      2


UNUSED ADDRESS RANGES

        Name                Unused          Largest block    Delta
        BANK0            006D-006F              3           1
        BANK1            00A0-00EF             50           1
        BANK2            0110-016F             60           1
        BANK3            0190-01EF             60           1
        CODE             0003-0003              1           2
                         0800-0A78            279
                         1000-1FFF            800
        CONST            0003-0003              1           2
                         0800-0A78            100
                         1000-1FFF            100
        EEDATA           2100-21FF            100           2
        ENTRY            0003-0003              1           2
                         0800-0A78            100
                         1000-1FFF            100
        IDLOC            2000-2003              4           2
        RAM              006D-006F              3           1
                         00A0-00EF             50
                         0110-016F             60
                         0190-01EF             60
        SFR0             0000-001F             20           1
        SFR1             0080-009F             20           1
        SFR2             0100-010F             10           1
        SFR3             0180-018F             10           1
        STACK            0110-016F             60           1
        STRCODE          0003-0003              1           2
                         0800-0A78            279
                         1000-1FFF           1000
        STRING           0003-0003              1           2
                         0800-0A78            100
                         1000-1FFF            100

                                  Symbol Table

?_ProcessCommand           cstackBANK0  004C
?_USRead                   cstackBANK0  0045
?___aldiv                  cstackCOMMON 0070
?___fldiv                  cstackBANK0  0020
?___fltol                  cstackBANK0  003A
?___xxtofl                 cstackCOMMON 0070
?_analogRead               cstackCOMMON 0070
PBRead@pin                 cstackCOMMON 0079
ProcessCommand@LSBData     cstackBANK0  004E
ProcessCommand@MSBData     cstackBANK0  004D
ProcessCommand@data        cstackBANK0  0052
ProcessCommand@instruction cstackBANK0  0051
ProcessCommand@port        cstackBANK0  004C
SerialBegin@BaudRate       cstackBANK0  0026
SerialBegin@x              cstackBANK0  002A
SerialWrite@dataWrite      cstackCOMMON 0070
USBegin@echo               cstackCOMMON 0074
USBegin@trigger            cstackCOMMON 0075
USRead@buffer              cstackBANK0  0049
USRead@echo                cstackBANK0  0045
USRead@trigger             cstackBANK0  004B
_ADCON0                    (abs)        001F
_ADCON0bits                (abs)        001F
_ADCON1                    (abs)        009F
_ADRESH                    (abs)        001E
_ADRESL                    (abs)        009E
_BRGH                      (abs)        04C2
_BufferLenght              dataBANK0    006C
_CCP1CON                   (abs)        0017
_CCP1X                     (abs)        00BD
_CCP1Y                     (abs)        00BC
_CCP2CON                   (abs)        001D
_CCP2X                     (abs)        00ED
_CCP2Y                     (abs)        00EC
_CCPR1L                    (abs)        0015
_CCPR2L                    (abs)        001B
_CREN                      (abs)        00C4
_DataEnviar                bssBANK0     0063
_Dato                      bssBANK0     0061
_Echo                      dataBANK0    0069
_Estado                    bssBANK0     0068
_FERR                      (abs)        00C2
_Informacion               bssBANK0     005B
_Initialization            text21       0013
_LED                       dataBANK0    006B
_OERR                      (abs)        00C1
_PBRead                    text19       0BD6
_PORTAbits                 (abs)        0005
_PORTB                     (abs)        0006
_PORTBbits                 (abs)        0006
_PORTC                     (abs)        0007
_PORTCbits                 (abs)        0007
_PORTD                     (abs)        0008
_PORTDbits                 (abs)        0008
_PORTE                     (abs)        0009
_PORTEbits                 (abs)        0009
_PR2                       (abs)        0092
_PWMConfiguration          text22       0004
_ProcessCommand            text9        0493
_RCIF                      (abs)        0065
_RCREG                     (abs)        001A
_SPBRG                     (abs)        0099
_SPEN                      (abs)        00C7
_SYNC                      (abs)        04C4
_SerialAvailable           text8        0AA8
_SerialAvailable$528       cstackCOMMON 0070
_SerialBegin               text3        0DF3
_SerialRead                text7        0A7D
_SerialWrite               text6        0A88
_T1CON                     (abs)        0010
_T2CON                     (abs)        0012
_TMR1H                     (abs)        000F
_TMR1L                     (abs)        000E
_TMR1ON                    (abs)        0080
_TRISAbits                 (abs)        0085
_TRISB                     (abs)        0086
_TRISBbits                 (abs)        0086
_TRISC                     (abs)        0087
_TRISC6                    (abs)        043E
_TRISC7                    (abs)        043F
_TRISCbits                 (abs)        0087
_TRISD                     (abs)        0088
_TRISDbits                 (abs)        0088
_TRISE                     (abs)        0089
_TRMT                      (abs)        04C1
_TXEN                      (abs)        04C5
_TXIF                      (abs)        0064
_TXREG                     (abs)        0019
_Trigger                   dataBANK0    006A
_USBegin                   text2        0ABF
_USRead                    text13       0CC3
_Valor                     bssBANK0     0066
__CFG_BOREN$OFF            (abs)        0000
__CFG_CP$OFF               (abs)        0000
__CFG_CPD$OFF              (abs)        0000
__CFG_FOSC$HS              (abs)        0000
__CFG_LVP$ON               (abs)        0000
__CFG_PWRTE$OFF            (abs)        0000
__CFG_WDTE$OFF             (abs)        0000
__CFG_WRT$OFF              (abs)        0000
__Habs1                    abs1         0000
__Hbank0                   bank0        0000
__Hbank1                   bank1        0000
__Hbank2                   bank2        0000
__Hbank3                   bank3        0000
__HbssBANK0                bssBANK0     0000
__Hcinit                   cinit        0800
__Hclrtext                 clrtext      0000
__Hcode                    code         0000
__Hcommon                  common       0000
__Hconfig                  config       2008
__HcstackBANK0             cstackBANK0  0000
__HcstackCOMMON            cstackCOMMON 0000
__HdataBANK0               dataBANK0    0000
__Heeprom_data             eeprom_data  0000
__Hend_init                end_init     0003
__Hfunctab                 functab      0000
__HidataBANK0              idataBANK0   0000
__Hidloc                   idloc        0000
__Hinit                    init         0000
__Hintentry                intentry     0000
__Hmaintext                maintext     0000
__Hpowerup                 powerup      0000
__Hram                     ram          0000
__Hreset_vec               reset_vec    0000
__Hsfr0                    sfr0         0000
__Hsfr1                    sfr1         0000
__Hsfr2                    sfr2         0000
__Hsfr3                    sfr3         0000
__Hspace_0                 (abs)        2008
__Hspace_1                 (abs)        007E
__Hspace_2                 (abs)        0000
__Hspace_3                 (abs)        0000
__Hstack                   stack        0000
__Hstrings                 strings      0000
__Htext                    text         0000
__Labs1                    abs1         0000
__Lbank0                   bank0        0000
__Lbank1                   bank1        0000
__Lbank2                   bank2        0000
__Lbank3                   bank3        0000
__LbssBANK0                bssBANK0     0000
__Lcinit                   cinit        07D6
__Lclrtext                 clrtext      0000
__Lcode                    code         0000
__Lcommon                  common       0000
__Lconfig                  config       2007
__LcstackBANK0             cstackBANK0  0000
__LcstackCOMMON            cstackCOMMON 0000
__LdataBANK0               dataBANK0    0000
__Leeprom_data             eeprom_data  0000
__Lend_init                end_init     0000
__Lfunctab                 functab      0000
__LidataBANK0              idataBANK0   0000
__Lidloc                   idloc        0000
__Linit                    init         0000
__Lintentry                intentry     0000
__Lmaintext                maintext     0000
__Lpowerup                 powerup      0000
__Lram                     ram          0000
__Lreset_vec               reset_vec    0000
__Lsfr0                    sfr0         0000
__Lsfr1                    sfr1         0000
__Lsfr2                    sfr2         0000
__Lsfr3                    sfr3         0000
__Lspace_0                 (abs)        0000
__Lspace_1                 (abs)        0000
__Lspace_2                 (abs)        0000
__Lspace_3                 (abs)        0000
__Lstack                   stack        0000
__Lstrings                 strings      0000
__Ltext                    text         0000
__S0                       (abs)        2008
__S1                       (abs)        007E
__S2                       (abs)        0000
__S3                       (abs)        0000
___aldiv                   text4        0E98
___aldiv@counter           cstackBANK0  0020
___aldiv@dividend          cstackCOMMON 0074
___aldiv@divisor           cstackCOMMON 0070
___aldiv@quotient          cstackBANK0  0022
___aldiv@sign              cstackBANK0  0021
___fldiv                   text18       05CD
___fldiv@a                 cstackBANK0  0020
___fldiv@aexp              cstackBANK0  0039
___fldiv@b                 cstackBANK0  0024
___fldiv@bexp              cstackBANK0  0038
___fldiv@grs               cstackBANK0  0034
___fldiv@new_exp           cstackBANK0  0032
___fldiv@rem               cstackBANK0  002D
___fldiv@sign              cstackBANK0  0031
___fltol                   text17       0D57
___fltol@exp1              cstackBANK0  0044
___fltol@f1                cstackBANK0  003A
___fltol@sign1             cstackBANK0  0043
___int_sp                  stack        0000
___latbits                 (abs)        0002
___sp                      stack        0000
___xxtofl                  text16       0F3E
___xxtofl@arg              cstackCOMMON 007A
___xxtofl@exp              cstackCOMMON 0079
___xxtofl@sign             cstackCOMMON 0078
___xxtofl@val              cstackCOMMON 0070
__end_of_Initialization    text21       003F
__end_of_PBRead            text19       0C3D
__end_of_PWMConfiguration  text22       0013
__end_of_ProcessCommand    text9        05CD
__end_of_SerialAvailable   text8        0ABF
__end_of_SerialBegin       text3        0E98
__end_of_SerialRead        text7        0A88
__end_of_SerialWrite       text6        0A94
__end_of_USBegin           text2        0ADD
__end_of_USRead            text13       0D57
__end_of___aldiv           text4        0F3E
__end_of___fldiv           text18       07D6
__end_of___fltol           text17       0DF3
__end_of___xxtofl          text16       1000
__end_of__initialization   cinit        07FC
__end_of_analogRead        text12       0CC3
__end_of_analogWrite       text11       0B25
__end_of_delay             text20       0B73
__end_of_digitalRead       text15       0493
__end_of_digitalWrite      text14       036A
__end_of_loop              text5        0126
__end_of_main              maintext     0AA8
__end_of_pinMode           text10       0247
__end_of_setup             text1        0BD6
__initialization           cinit        07D6
__pbssBANK0                bssBANK0     005B
__pcstackBANK0             cstackBANK0  0020
__pcstackCOMMON            cstackCOMMON 0070
__pdataBANK0               dataBANK0    0069
__pidataBANK0              idataBANK0   0A79
__pmaintext                maintext     0A94
__ptext1                   text1        0B73
__ptext10                  text10       0126
__ptext11                  text11       0ADD
__ptext12                  text12       0C3D
__ptext13                  text13       0CC3
__ptext14                  text14       0247
__ptext15                  text15       036A
__ptext16                  text16       0F3E
__ptext17                  text17       0D57
__ptext18                  text18       05CD
__ptext19                  text19       0BD6
__ptext2                   text2        0ABF
__ptext20                  text20       0B25
__ptext21                  text21       0013
__ptext22                  text22       0004
__ptext3                   text3        0DF3
__ptext4                   text4        0E98
__ptext5                   text5        003F
__ptext6                   text6        0A88
__ptext7                   text7        0A7D
__ptext8                   text8        0AA8
__ptext9                   text9        0493
__size_of_Initialization   (abs)        0000
__size_of_PBRead           (abs)        0000
__size_of_PWMConfiguration (abs)        0000
__size_of_ProcessCommand   (abs)        0000
__size_of_SerialAvailable  (abs)        0000
__size_of_SerialBegin      (abs)        0000
__size_of_SerialRead       (abs)        0000
__size_of_SerialWrite      (abs)        0000
__size_of_USBegin          (abs)        0000
__size_of_USRead           (abs)        0000
__size_of___aldiv          (abs)        0000
__size_of___fldiv          (abs)        0000
__size_of___fltol          (abs)        0000
__size_of___xxtofl         (abs)        0000
__size_of_analogRead       (abs)        0000
__size_of_analogWrite      (abs)        0000
__size_of_delay            (abs)        0000
__size_of_digitalRead      (abs)        0000
__size_of_digitalWrite     (abs)        0000
__size_of_loop             (abs)        0000
__size_of_main             (abs)        0000
__size_of_pinMode          (abs)        0000
__size_of_setup            (abs)        0000
_analogRead                text12       0C3D
_analogWrite               text11       0ADD
_dada                      bssBANK0     0065
_delay                     text20       0B25
_digitalRead               text15       036A
_digitalWrite              text14       0247
_loop                      text5        003F
_main                      maintext     0A94
_pinMode                   text10       0126
_setup                     text1        0B73
analogRead@channel         cstackCOMMON 0074
analogWrite@pin            cstackCOMMON 0074
analogWrite@value          cstackCOMMON 0070
btemp                      (abs)        007E
delay@i                    cstackCOMMON 0075
delay@j                    cstackCOMMON 0073
delay@milis                cstackCOMMON 0070
digitalRead@pin            cstackCOMMON 0072
digitalWrite@pin           cstackCOMMON 0073
digitalWrite@value         cstackCOMMON 0070
end_of_initialization      cinit        07FC
intlevel0                  functab      0000
intlevel1                  functab      0000
intlevel2                  functab      0000
intlevel3                  functab      0000
intlevel4                  functab      0000
intlevel5                  functab      0000
loop@i                     cstackBANK0  0057
loop@j                     cstackBANK0  0059
pinMode@mode               cstackCOMMON 0070
pinMode@pin                cstackCOMMON 0073
reset_vec                  reset_vec    0000
stackhi                    (abs)        0000
stacklo                    (abs)        0000
start                      init         0000
start_initialization       cinit        07D6
wtemp0                     (abs)        007E


FUNCTION INFORMATION:

 *************** function _main *****************
 Defined at:
		line 3 in file "Hormiga877.c"
 Parameters:    Size  Location     Type
		None
 Auto vars:     Size  Location     Type
		None
 Return value:  Size  Location     Type
                  2  258[None  ] int 
 Registers used:
		wreg, fsr0l, fsr0h, status,2, status,0, btemp+1, pclath, cstack
 Tracked objects:
		On entry : 
		On exit  : 
		Unchanged: 
 Data sizes:     COMMON   BANK0   BANK1   BANK3   BANK2
      Params:         0       0       0       0       0
      Locals:         0       0       0       0       0
      Temps:          0       0       0       0       0
      Totals:         0       0       0       0       0
Total ram usage:        0 bytes
 Hardware stack levels required when called:    4
 This function calls:
		_Initialization
		_loop
		_setup
 This function is called by:
		Startup code after reset
 This function uses a non-reentrant model


 *************** function _setup *****************
 Defined at:
		line 36 in file "LIFPIC.c"
 Parameters:    Size  Location     Type
		None
 Auto vars:     Size  Location     Type
		None
 Return value:  Size  Location     Type
                  1    wreg      void 
 Registers used:
		wreg, fsr0l, fsr0h, status,2, status,0, pclath, cstack
 Tracked objects:
		On entry : 
		On exit  : 
		Unchanged: 
 Data sizes:     COMMON   BANK0   BANK1   BANK3   BANK2
      Params:         0       0       0       0       0
      Locals:         0       0       0       0       0
      Temps:          1       0       0       0       0
      Totals:         1       0       0       0       0
Total ram usage:        1 bytes
 Hardware stack levels used:    1
 Hardware stack levels required when called:    2
 This function calls:
		_SerialBegin
		_SerialRead
		_SerialWrite
		_USBegin
		_digitalWrite
		_pinMode
 This function is called by:
		_main
 This function uses a non-reentrant model


 *************** function _USBegin *****************
 Defined at:
		line 5 in file "Ultrasonico.c"
 Parameters:    Size  Location     Type
  trigger         1    wreg     unsigned char 
  echo            1    4[COMMON] unsigned char 
 Auto vars:     Size  Location     Type
  trigger         1    5[COMMON] unsigned char 
 Return value:  Size  Location     Type
                  1    wreg      void 
 Registers used:
		wreg, fsr0l, fsr0h, status,2, status,0, pclath, cstack
 Tracked objects:
		On entry : 
		On exit  : 
		Unchanged: 
 Data sizes:     COMMON   BANK0   BANK1   BANK3   BANK2
      Params:         1       0       0       0       0
      Locals:         1       0       0       0       0
      Temps:          0       0       0       0       0
      Totals:         2       0       0       0       0
Total ram usage:        2 bytes
 Hardware stack levels used:    1
 Hardware stack levels required when called:    1
 This function calls:
		_digitalWrite
		_pinMode
 This function is called by:
		_setup
 This function uses a non-reentrant model


 *************** function _SerialBegin *****************
 Defined at:
		line 465 in file "Hormiga877.c"
 Parameters:    Size  Location     Type
  BaudRate        4    6[BANK0 ] const long 
 Auto vars:     Size  Location     Type
  x               2   10[BANK0 ] unsigned int 
 Return value:  Size  Location     Type
                  1    wreg      unsigned char 
 Registers used:
		wreg, status,2, status,0, pclath, cstack
 Tracked objects:
		On entry : 
		On exit  : 
		Unchanged: 
 Data sizes:     COMMON   BANK0   BANK1   BANK3   BANK2
      Params:         0       4       0       0       0
      Locals:         0       2       0       0       0
      Temps:          4       0       0       0       0
      Totals:         4       6       0       0       0
Total ram usage:       10 bytes
 Hardware stack levels used:    1
 Hardware stack levels required when called:    1
 This function calls:
		___aldiv
 This function is called by:
		_setup
 This function uses a non-reentrant model


 *************** function ___aldiv *****************
 Defined at:
		line 5 in file "C:\Program Files (x86)\Microchip\xc8\v2.00\pic\sources\c90\common\aldiv.c"
 Parameters:    Size  Location     Type
  divisor         4    0[COMMON] long 
  dividend        4    4[COMMON] long 
 Auto vars:     Size  Location     Type
  quotient        4    2[BANK0 ] long 
  sign            1    1[BANK0 ] unsigned char 
  counter         1    0[BANK0 ] unsigned char 
 Return value:  Size  Location     Type
                  4    0[COMMON] long 
 Registers used:
		wreg, status,2, status,0
 Tracked objects:
		On entry : 
		On exit  : 
		Unchanged: 
 Data sizes:     COMMON   BANK0   BANK1   BANK3   BANK2
      Params:         8       0       0       0       0
      Locals:         0       6       0       0       0
      Temps:          1       0       0       0       0
      Totals:         9       6       0       0       0
Total ram usage:       15 bytes
 Hardware stack levels used:    1
 This function calls:
		Nothing
 This function is called by:
		_SerialBegin
 This function uses a non-reentrant model


 *************** function _loop *****************
 Defined at:
		line 61 in file "LIFPIC.c"
 Parameters:    Size  Location     Type
		None
 Auto vars:     Size  Location     Type
  j               2   57[BANK0 ] int 
  i               2   55[BANK0 ] int 
 Return value:  Size  Location     Type
                  1    wreg      void 
 Registers used:
		wreg, fsr0l, fsr0h, status,2, status,0, btemp+1, pclath, cstack
 Tracked objects:
		On entry : 
		On exit  : 
		Unchanged: 
 Data sizes:     COMMON   BANK0   BANK1   BANK3   BANK2
      Params:         0       0       0       0       0
      Locals:         0       4       0       0       0
      Temps:          0       3       0       0       0
      Totals:         0       7       0       0       0
Total ram usage:        7 bytes
 Hardware stack levels used:    1
 Hardware stack levels required when called:    3
 This function calls:
		_ProcessCommand
		_SerialAvailable
		_SerialRead
		_SerialWrite
 This function is called by:
		_main
 This function uses a non-reentrant model


 *************** function _SerialWrite *****************
 Defined at:
		line 526 in file "Hormiga877.c"
 Parameters:    Size  Location     Type
  dataWrite       1    wreg     unsigned char 
 Auto vars:     Size  Location     Type
  dataWrite       1    0[COMMON] unsigned char 
 Return value:  Size  Location     Type
                  1    wreg      void 
 Registers used:
		wreg
 Tracked objects:
		On entry : 
		On exit  : 
		Unchanged: 
 Data sizes:     COMMON   BANK0   BANK1   BANK3   BANK2
      Params:         0       0       0       0       0
      Locals:         1       0       0       0       0
      Temps:          0       0       0       0       0
      Totals:         1       0       0       0       0
Total ram usage:        1 bytes
 Hardware stack levels used:    1
 This function calls:
		Nothing
 This function is called by:
		_setup
		_loop
		_SerialWriteText
		_SerialPrint
		_SerialPrintLn
 This function uses a non-reentrant model


 *************** function _SerialRead *****************
 Defined at:
		line 561 in file "Hormiga877.c"
 Parameters:    Size  Location     Type
		None
 Auto vars:     Size  Location     Type
		None
 Return value:  Size  Location     Type
                  1    wreg      unsigned char 
 Registers used:
		wreg
 Tracked objects:
		On entry : 
		On exit  : 
		Unchanged: 
 Data sizes:     COMMON   BANK0   BANK1   BANK3   BANK2
      Params:         0       0       0       0       0
      Locals:         0       0       0       0       0
      Temps:          0       0       0       0       0
      Totals:         0       0       0       0       0
Total ram usage:        0 bytes
 Hardware stack levels used:    1
 This function calls:
		Nothing
 This function is called by:
		_setup
		_loop
		_SerialReadText
 This function uses a non-reentrant model


 *************** function _SerialAvailable *****************
 Defined at:
		line 556 in file "Hormiga877.c"
 Parameters:    Size  Location     Type
		None
 Auto vars:     Size  Location     Type
		None
 Return value:  Size  Location     Type
                  1    wreg      unsigned char 
 Registers used:
		status,2
 Tracked objects:
		On entry : 
		On exit  : 
		Unchanged: 
 Data sizes:     COMMON   BANK0   BANK1   BANK3   BANK2
      Params:         0       0       0       0       0
      Locals:         1       0       0       0       0
      Temps:          0       0       0       0       0
      Totals:         1       0       0       0       0
Total ram usage:        1 bytes
 Hardware stack levels used:    1
 This function calls:
		Nothing
 This function is called by:
		_loop
 This function uses a non-reentrant model


 *************** function _ProcessCommand *****************
 Defined at:
		line 123 in file "LIFPIC.c"
 Parameters:    Size  Location     Type
  instruction     1    wreg     unsigned char 
  port            1   44[BANK0 ] unsigned char 
  MSBData         1   45[BANK0 ] unsigned char 
  LSBData         1   46[BANK0 ] unsigned char 
 Auto vars:     Size  Location     Type
  instruction     1   49[BANK0 ] unsigned char 
  data            2   50[BANK0 ] unsigned int 
 Return value:  Size  Location     Type
                  2   44[BANK0 ] unsigned int 
 Registers used:
		wreg, fsr0l, fsr0h, status,2, status,0, btemp+1, pclath, cstack
 Tracked objects:
		On entry : 
		On exit  : 
		Unchanged: 
 Data sizes:     COMMON   BANK0   BANK1   BANK3   BANK2
      Params:         0       3       0       0       0
      Locals:         0       3       0       0       0
      Temps:          0       2       0       0       0
      Totals:         0       8       0       0       0
Total ram usage:        8 bytes
 Hardware stack levels used:    1
 Hardware stack levels required when called:    2
 This function calls:
		_PBRead
		_USRead
		_analogRead
		_analogWrite
		_digitalRead
		_digitalWrite
		_pinMode
 This function is called by:
		_loop
 This function uses a non-reentrant model


 *************** function _pinMode *****************
 Defined at:
		line 60 in file "Hormiga877.c"
 Parameters:    Size  Location     Type
  pin             1    wreg     unsigned char 
  mode            1    0[COMMON] unsigned char 
 Auto vars:     Size  Location     Type
  pin             1    3[COMMON] unsigned char 
 Return value:  Size  Location     Type
                  1    wreg      void 
 Registers used:
		wreg, fsr0l, fsr0h, status,2, status,0
 Tracked objects:
		On entry : 
		On exit  : 
		Unchanged: 
 Data sizes:     COMMON   BANK0   BANK1   BANK3   BANK2
      Params:         1       0       0       0       0
      Locals:         1       0       0       0       0
      Temps:          2       0       0       0       0
      Totals:         4       0       0       0       0
Total ram usage:        4 bytes
 Hardware stack levels used:    1
 This function calls:
		Nothing
 This function is called by:
		_setup
		_ProcessCommand
		_USBegin
 This function uses a non-reentrant model


 *************** function _analogWrite *****************
 Defined at:
		line 407 in file "Hormiga877.c"
 Parameters:    Size  Location     Type
  pin             1    wreg     unsigned char 
  value           2    0[COMMON] unsigned int 
 Auto vars:     Size  Location     Type
  pin             1    4[COMMON] unsigned char 
 Return value:  Size  Location     Type
                  1    wreg      unsigned char 
 Registers used:
		wreg, fsr0l, fsr0h, status,2, status,0
 Tracked objects:
		On entry : 
		On exit  : 
		Unchanged: 
 Data sizes:     COMMON   BANK0   BANK1   BANK3   BANK2
      Params:         2       0       0       0       0
      Locals:         1       0       0       0       0
      Temps:          2       0       0       0       0
      Totals:         5       0       0       0       0
Total ram usage:        5 bytes
 Hardware stack levels used:    1
 This function calls:
		Nothing
 This function is called by:
		_ProcessCommand
 This function uses a non-reentrant model


 *************** function _analogRead *****************
 Defined at:
		line 346 in file "Hormiga877.c"
 Parameters:    Size  Location     Type
  channel         1    wreg     unsigned char 
 Auto vars:     Size  Location     Type
  channel         1    4[COMMON] unsigned char 
 Return value:  Size  Location     Type
                  2    0[COMMON] unsigned int 
 Registers used:
		wreg, fsr0l, fsr0h, status,2, status,0
 Tracked objects:
		On entry : 
		On exit  : 
		Unchanged: 
 Data sizes:     COMMON   BANK0   BANK1   BANK3   BANK2
      Params:         2       0       0       0       0
      Locals:         1       0       0       0       0
      Temps:          2       0       0       0       0
      Totals:         5       0       0       0       0
Total ram usage:        5 bytes
 Hardware stack levels used:    1
 This function calls:
		Nothing
 This function is called by:
		_ProcessCommand
 This function uses a non-reentrant model


 *************** function _USRead *****************
 Defined at:
		line 15 in file "Ultrasonico.c"
 Parameters:    Size  Location     Type
  trigger         1    wreg     unsigned char 
  echo            1   37[BANK0 ] unsigned char 
 Auto vars:     Size  Location     Type
  trigger         1   43[BANK0 ] unsigned char 
  buffer          2   41[BANK0 ] unsigned int 
 Return value:  Size  Location     Type
                  2   37[BANK0 ] unsigned int 
 Registers used:
		wreg, fsr0l, fsr0h, status,2, status,0, btemp+1, pclath, cstack
 Tracked objects:
		On entry : 
		On exit  : 
		Unchanged: 
 Data sizes:     COMMON   BANK0   BANK1   BANK3   BANK2
      Params:         0       2       0       0       0
      Locals:         0       3       0       0       0
      Temps:          0       2       0       0       0
      Totals:         0       7       0       0       0
Total ram usage:        7 bytes
 Hardware stack levels used:    1
 Hardware stack levels required when called:    1
 This function calls:
		___fldiv
		___fltol
		___xxtofl
		_digitalRead
		_digitalWrite
 This function is called by:
		_ProcessCommand
 This function uses a non-reentrant model


 *************** function _digitalWrite *****************
 Defined at:
		line 166 in file "Hormiga877.c"
 Parameters:    Size  Location     Type
  pin             1    wreg     unsigned char 
  value           1    0[COMMON] unsigned char 
 Auto vars:     Size  Location     Type
  pin             1    3[COMMON] unsigned char 
 Return value:  Size  Location     Type
                  1    wreg      void 
 Registers used:
		wreg, fsr0l, fsr0h, status,2, status,0
 Tracked objects:
		On entry : 
		On exit  : 
		Unchanged: 
 Data sizes:     COMMON   BANK0   BANK1   BANK3   BANK2
      Params:         1       0       0       0       0
      Locals:         1       0       0       0       0
      Temps:          2       0       0       0       0
      Totals:         4       0       0       0       0
Total ram usage:        4 bytes
 Hardware stack levels used:    1
 This function calls:
		Nothing
 This function is called by:
		_setup
		_ProcessCommand
		_USBegin
		_USRead
		_USReadB
 This function uses a non-reentrant model


 *************** function _digitalRead *****************
 Defined at:
		line 257 in file "Hormiga877.c"
 Parameters:    Size  Location     Type
  pin             1    wreg     unsigned char 
 Auto vars:     Size  Location     Type
  pin             1    2[COMMON] unsigned char 
 Return value:  Size  Location     Type
                  1    wreg      unsigned char 
 Registers used:
		wreg, fsr0l, fsr0h, status,2, status,0
 Tracked objects:
		On entry : 
		On exit  : 
		Unchanged: 
 Data sizes:     COMMON   BANK0   BANK1   BANK3   BANK2
      Params:         0       0       0       0       0
      Locals:         1       0       0       0       0
      Temps:          2       0       0       0       0
      Totals:         3       0       0       0       0
Total ram usage:        3 bytes
 Hardware stack levels used:    1
 This function calls:
		Nothing
 This function is called by:
		_ProcessCommand
		_USRead
		_USReadB
 This function uses a non-reentrant model


 *************** function ___xxtofl *****************
 Defined at:
		line 10 in file "C:\Program Files (x86)\Microchip\xc8\v2.00\pic\sources\c90\common\xxtofl.c"
 Parameters:    Size  Location     Type
  sign            1    wreg     unsigned char 
  val             4    0[COMMON] long 
 Auto vars:     Size  Location     Type
  sign            1    8[COMMON] unsigned char 
  arg             4   10[COMMON] unsigned long 
  exp             1    9[COMMON] unsigned char 
 Return value:  Size  Location     Type
                  4    0[COMMON] unsigned char 
 Registers used:
		wreg, status,2, status,0
 Tracked objects:
		On entry : 
		On exit  : 
		Unchanged: 
 Data sizes:     COMMON   BANK0   BANK1   BANK3   BANK2
      Params:         4       0       0       0       0
      Locals:         6       0       0       0       0
      Temps:          4       0       0       0       0
      Totals:        14       0       0       0       0
Total ram usage:       14 bytes
 Hardware stack levels used:    1
 This function calls:
		Nothing
 This function is called by:
		_USRead
 This function uses a non-reentrant model


 *************** function ___fltol *****************
 Defined at:
		line 43 in file "C:\Program Files (x86)\Microchip\xc8\v2.00\pic\sources\c90\common\fltol.c"
 Parameters:    Size  Location     Type
  f1              4   26[BANK0 ] unsigned char 
 Auto vars:     Size  Location     Type
  exp1            1   36[BANK0 ] unsigned char 
  sign1           1   35[BANK0 ] unsigned char 
 Return value:  Size  Location     Type
                  4   26[BANK0 ] long 
 Registers used:
		wreg, status,2, status,0
 Tracked objects:
		On entry : 
		On exit  : 
		Unchanged: 
 Data sizes:     COMMON   BANK0   BANK1   BANK3   BANK2
      Params:         0       4       0       0       0
      Locals:         0       2       0       0       0
      Temps:          0       5       0       0       0
      Totals:         0      11       0       0       0
Total ram usage:       11 bytes
 Hardware stack levels used:    1
 This function calls:
		Nothing
 This function is called by:
		_USRead
 This function uses a non-reentrant model


 *************** function ___fldiv *****************
 Defined at:
		line 8 in file "C:\Program Files (x86)\Microchip\xc8\v2.00\pic\sources\c90\common\sprcdiv.c"
 Parameters:    Size  Location     Type
  a               4    0[BANK0 ] long 
  b               4    4[BANK0 ] long 
 Auto vars:     Size  Location     Type
  grs             4   20[BANK0 ] unsigned long 
  rem             4   13[BANK0 ] unsigned long 
  new_exp         2   18[BANK0 ] int 
  aexp            1   25[BANK0 ] unsigned char 
  bexp            1   24[BANK0 ] unsigned char 
  sign            1   17[BANK0 ] unsigned char 
 Return value:  Size  Location     Type
                  4    0[BANK0 ] unsigned char 
 Registers used:
		wreg, status,2, status,0, btemp+1
 Tracked objects:
		On entry : 
		On exit  : 
		Unchanged: 
 Data sizes:     COMMON   BANK0   BANK1   BANK3   BANK2
      Params:         0       8       0       0       0
      Locals:         0      13       0       0       0
      Temps:          0       5       0       0       0
      Totals:         0      26       0       0       0
Total ram usage:       26 bytes
 Hardware stack levels used:    1
 This function calls:
		Nothing
 This function is called by:
		_USRead
 This function uses a non-reentrant model


 *************** function _PBRead *****************
 Defined at:
		line 425 in file "Hormiga877.c"
 Parameters:    Size  Location     Type
  pin             1    wreg     unsigned char 
 Auto vars:     Size  Location     Type
  pin             1    9[COMMON] unsigned char 
 Return value:  Size  Location     Type
                  1    wreg      unsigned char 
 Registers used:
		wreg, fsr0l, fsr0h, status,2, status,0, btemp+1, pclath, cstack
 Tracked objects:
		On entry : 
		On exit  : 
		Unchanged: 
 Data sizes:     COMMON   BANK0   BANK1   BANK3   BANK2
      Params:         0       0       0       0       0
      Locals:         1       0       0       0       0
      Temps:          2       0       0       0       0
      Totals:         3       0       0       0       0
Total ram usage:        3 bytes
 Hardware stack levels used:    1
 Hardware stack levels required when called:    1
 This function calls:
		_delay
 This function is called by:
		_ProcessCommand
 This function uses a non-reentrant model


 *************** function _delay *****************
 Defined at:
		line 576 in file "Hormiga877.c"
 Parameters:    Size  Location     Type
  milis           2    0[COMMON] const int 
 Auto vars:     Size  Location     Type
  i               2    5[COMMON] int 
  j               2    3[COMMON] int 
 Return value:  Size  Location     Type
                  1    wreg      void 
 Registers used:
		wreg, status,2, btemp+1
 Tracked objects:
		On entry : 
		On exit  : 
		Unchanged: 
 Data sizes:     COMMON   BANK0   BANK1   BANK3   BANK2
      Params:         2       0       0       0       0
      Locals:         4       0       0       0       0
      Temps:          1       0       0       0       0
      Totals:         7       0       0       0       0
Total ram usage:        7 bytes
 Hardware stack levels used:    1
 This function calls:
		Nothing
 This function is called by:
		_PBRead
 This function uses a non-reentrant model


 *************** function _Initialization *****************
 Defined at:
		line 14 in file "Hormiga877.c"
 Parameters:    Size  Location     Type
		None
 Auto vars:     Size  Location     Type
		None
 Return value:  Size  Location     Type
                  1    wreg      void 
 Registers used:
		wreg, status,2, status,0, pclath, cstack
 Tracked objects:
		On entry : 
		On exit  : 
		Unchanged: 
 Data sizes:     COMMON   BANK0   BANK1   BANK3   BANK2
      Params:         0       0       0       0       0
      Locals:         0       0       0       0       0
      Temps:          0       0       0       0       0
      Totals:         0       0       0       0       0
Total ram usage:        0 bytes
 Hardware stack levels used:    1
 Hardware stack levels required when called:    1
 This function calls:
		_PWMConfiguration
 This function is called by:
		_main
 This function uses a non-reentrant model


 *************** function _PWMConfiguration *****************
 Defined at:
		line 44 in file "Hormiga877.c"
 Parameters:    Size  Location     Type
		None
 Auto vars:     Size  Location     Type
		None
 Return value:  Size  Location     Type
                  1    wreg      void 
 Registers used:
		wreg, status,2
 Tracked objects:
		On entry : 
		On exit  : 
		Unchanged: 
 Data sizes:     COMMON   BANK0   BANK1   BANK3   BANK2
      Params:         0       0       0       0       0
      Locals:         0       0       0       0       0
      Temps:          0       0       0       0       0
      Totals:         0       0       0       0       0
Total ram usage:        0 bytes
 Hardware stack levels used:    1
 This function calls:
		Nothing
 This function is called by:
		_Initialization
 This function uses a non-reentrant model



MODULE INFORMATION

Module		Function		Class		Link	Load	Size
Ultrasonico.c
		_USRead        		CODE           	0CC3	0000	149
		_USBegin       		CODE           	0ABF	0000	31

Ultrasonico.c estimated size: 180

C:\Program Files (x86)\Microchip\xc8\v2.00\pic\sources\c90\common\sprcdiv.c
		___fldiv       		CODE           	05CD	0000	522

C:\Program Files (x86)\Microchip\xc8\v2.00\pic\sources\c90\common\sprcdiv.c estimated size: 522

C:\Program Files (x86)\Microchip\xc8\v2.00\pic\sources\c90\common\fltol.c
		___fltol       		CODE           	0D57	0000	157

C:\Program Files (x86)\Microchip\xc8\v2.00\pic\sources\c90\common\fltol.c estimated size: 157

shared
		__initialization		CODE           	07D6	0000	39

shared estimated size: 39

C:\Program Files (x86)\Microchip\xc8\v2.00\pic\sources\c90\common\xxtofl.c
		___xxtofl      		CODE           	0F3E	0000	195

C:\Program Files (x86)\Microchip\xc8\v2.00\pic\sources\c90\common\xxtofl.c estimated size: 195

Hormiga877.c
		_delay         		CODE           	0B25	0000	79
		_PWMConfiguration		CODE           	0004	0000	16
		_SerialAvailable		CODE           	0AA8	0000	24
		_main          		CODE           	0A94	0000	21
		_SerialRead    		CODE           	0A7D	0000	12
		_SerialBegin   		CODE           	0DF3	0000	166
		_analogWrite   		CODE           	0ADD	0000	73
		_digitalRead   		CODE           	036A	0000	298
		_digitalWrite  		CODE           	0247	0000	292
		_PBRead        		CODE           	0BD6	0000	104
		_Initialization		CODE           	0013	0000	45
		_SerialWrite   		CODE           	0A88	0000	13
		_pinMode       		CODE           	0126	0000	290
		_analogRead    		CODE           	0C3D	0000	135

Hormiga877.c estimated size: 1568

C:\Program Files (x86)\Microchip\xc8\v2.00\pic\sources\c90\common\aldiv.c
		___aldiv       		CODE           	0E98	0000	167

C:\Program Files (x86)\Microchip\xc8\v2.00\pic\sources\c90\common\aldiv.c estimated size: 167

LIFPIC.c
		_loop          		CODE           	003F	0000	232
		_setup         		CODE           	0B73	0000	100
		_ProcessCommand		CODE           	0493	0000	315

LIFPIC.c estimated size: 647

