Microchip MPLAB XC8 Compiler V2.00 ()

Linker command line:

-W-3 --edf=C:\Program Files (x86)\Microchip\xc8\v2.00\pic\dat\en_msgs.txt \
  -cs -h+dist/default/production\LIFPIC.X.production.sym \
  --cmf=dist/default/production\LIFPIC.X.production.cmf -z -Q16F877A \
  -oC:\Users\c4810\AppData\Local\Temp\sd2k.2 --defsym=__MPLAB_BUILD=1 \
  -Mdist/default/production/LIFPIC.X.production.map -E1 -ver=XC8 \
  --acfsm=1493 -ASTACK=0110h-016fh -pstack=STACK -ACODE=00h-07FFhx4 \
  -ASTRCODE=00h-01FFFh -ASTRING=00h-0FFhx32 -ACONST=00h-0FFhx32 \
  -AENTRY=00h-0FFhx32 -ACOMMON=070h-07Fh -ABANK0=020h-06Fh \
  -ABANK1=0A0h-0EFh -ABANK2=0110h-016Fh -ABANK3=0190h-01EFh \
  -ARAM=020h-06Fh,0A0h-0EFh,0110h-016Fh,0190h-01EFh \
  -AABS1=020h-07Fh,0A0h-0EFh,0110h-016Fh,0190h-01EFh -ASFR0=00h-01Fh \
  -ASFR1=080h-09Fh -ASFR2=0100h-010Fh -ASFR3=0180h-018Fh \
  -preset_vec=00h,intentry,init,end_init -ppowerup=CODE -pcinit=CODE \
  -pfunctab=ENTRY -ACONFIG=02007h-02007h -pconfig=CONFIG -DCONFIG=2 \
  -AIDLOC=02000h-02003h -pidloc=IDLOC -DIDLOC=2 -AEEDATA=00h-0FFh/02100h \
  -peeprom_data=EEDATA -DEEDATA=2 -DCODE=2 -DSTRCODE=2 -DSTRING=2 -DCONST=2 \
  -DENTRY=2 -k C:\Users\c4810\AppData\Local\Temp\sd2k.o \
  dist/default/production\LIFPIC.X.production.o 

Object code version is 3.11

Machine type is 16F877A



                Name                               Link     Load   Length Selector   Space Scale
C:\Users\c4810\AppData\Local\Temp\sd2k.o
                end_init                              0        0        3        0       0
                config                             2007     2007        1     400E       0
dist/default/production\LIFPIC.X.production.o
                cinit                               7E4      7E4       1C      FC8       0
                text17                              F75      F75        B     1EEA       0
                text16                                5        5        5        A       0
                text15                              FAC      FAC       26     1F58       0
                text14                              FD2      FD2       2E     1FA4       0
                text13                               C0       C0       86      180       0
                text12                               21       21       48       42       0
                text11                              6A3      6A3      141      D46       0
                text10                              42D      42D      137      85A       0
                text9                               564      564      13F      AC8       0
                text8                               291      291       B5      522       0
                text7                                 A        A       17       14       0
                text6                               F80      F80        B     1F00       0
                text5                               F8B      F8B        C     1F16       0
                text4                               346      346       E7      68C       0
                text3                               1EB      1EB       A6      3D6       0
                text2                               146      146       A5      28C       0
                text1                                69       69       57       D2       0
                maintext                            F97      F97       15     1F2E       0
                cstackBANK0                          2C       2C        C       20       1
                cstackCOMMON                         70       70        E       70       1
                dataBANK0                            38       38        2       20       1
                bssBANK0                             20       20        C       20       1
                idataBANK0                            3        3        2        0       0

TOTAL           Name                               Link     Load   Length     Space
        CLASS   STACK          

        CLASS   CODE           
                end_init                              0        0        3         0
                cinit                               7E4      7E4       1C         0
                text17                              F75      F75        B         0
                text16                                5        5        5         0
                text15                              FAC      FAC       26         0
                text14                              FD2      FD2       2E         0
                text13                               C0       C0       86         0
                text12                               21       21       48         0
                text11                              6A3      6A3      141         0
                text10                              42D      42D      137         0
                text9                               564      564      13F         0
                text8                               291      291       B5         0
                text7                                 A        A       17         0
                text6                               F80      F80        B         0
                text5                               F8B      F8B        C         0
                text4                               346      346       E7         0
                text3                               1EB      1EB       A6         0
                text2                               146      146       A5         0
                text1                                69       69       57         0
                maintext                            F97      F97       15         0
                idataBANK0                            3        3        2         0

        CLASS   STRCODE        

        CLASS   STRING         

        CLASS   CONST          

        CLASS   ENTRY          

        CLASS   COMMON         
                cstackCOMMON                         70       70        E         1

        CLASS   BANK0          
                cstackBANK0                          2C       2C        C         1
                dataBANK0                            38       38        2         1
                bssBANK0                             20       20        C         1

        CLASS   BANK1          

        CLASS   BANK2          

        CLASS   BANK3          

        CLASS   RAM            

        CLASS   ABS1           
                abs_s1                               7E       7E        2         1

        CLASS   SFR0           

        CLASS   SFR1           

        CLASS   SFR2           

        CLASS   SFR3           

        CLASS   CONFIG         
                config                             2007     2007        1         0

        CLASS   IDLOC          

        CLASS   EEDATA         



SEGMENTS        Name                           Load    Length   Top    Selector   Space  Class     Delta

                reset_vec                      000000  000005  000005         0       0  CODE        2
                text16                         000005  000005  00000A         A       0  CODE        2
                text7                          00000A  000017  000021        14       0  CODE        2
                bssBANK0                       000020  00001A  00003A        20       1  BANK0       1
                text12                         000021  000048  000069        42       0  CODE        2
                cstackCOMMON                   000070  00000E  00007E        70       1  COMMON      1
                text1                          000069  000057  0000C0        D2       0  CODE        2
                text13                         0000C0  000086  000146       180       0  CODE        2
                text2                          000146  0000A5  0001EB       28C       0  CODE        2
                text3                          0001EB  0000A6  000291       3D6       0  CODE        2
                text8                          000291  0000B5  000346       522       0  CODE        2
                text4                          000346  0000E7  00042D       68C       0  CODE        2
                text10                         00042D  000137  000564       85A       0  CODE        2
                text9                          000564  00013F  0006A3       AC8       0  CODE        2
                text11                         0006A3  000141  0007E4       D46       0  CODE        2
                cinit                          0007E4  00001C  000800       FC8       0  CODE        2
                text17                         000F75  00000B  000F80      1EEA       0  CODE        2
                text6                          000F80  00000B  000F8B      1F00       0  CODE        2
                text5                          000F8B  00000C  000F97      1F16       0  CODE        2
                maintext                       000F97  000015  000FAC      1F2E       0  CODE        2
                text15                         000FAC  000026  000FD2      1F58       0  CODE        2
                text14                         000FD2  00002E  001000      1FA4       0  CODE        2
                config                         002007  000001  002008      400E       0  CONFIG      2


UNUSED ADDRESS RANGES

        Name                Unused          Largest block    Delta
        BANK0            003A-006F             36           1
        BANK1            00A0-00EF             50           1
        BANK2            0110-016F             60           1
        BANK3            0190-01EF             60           1
        CODE             0800-0F74            775           2
                         1000-1FFF            800
        CONST            0800-0F74            100           2
                         1000-1FFF            100
        EEDATA           2100-21FF            100           2
        ENTRY            0800-0F74            100           2
                         1000-1FFF            100
        IDLOC            2000-2003              4           2
        RAM              003A-006F             36           1
                         00A0-00EF             50
                         0110-016F             60
                         0190-01EF             60
        SFR0             0000-001F             20           1
        SFR1             0080-009F             20           1
        SFR2             0100-010F             10           1
        SFR3             0180-018F             10           1
        STACK            0110-016F             60           1
        STRCODE          0800-0F74            775           2
                         1000-1FFF           1000
        STRING           0800-0F74            100           2
                         1000-1FFF            100

                                  Symbol Table

?_ProcessCommand            cstackCOMMON 0075
?___aldiv                   cstackCOMMON 0070
?_analogRead                cstackCOMMON 0070
PBRead@pin                  cstackCOMMON 0072
ProcessCommand@LSBData      cstackCOMMON 0077
ProcessCommand@MSBData      cstackCOMMON 0076
ProcessCommand@data         cstackCOMMON 007B
ProcessCommand@instruction  cstackCOMMON 007A
ProcessCommand@port         cstackCOMMON 0075
SerialBegin@BaudRate        cstackBANK0  0032
SerialBegin@x               cstackBANK0  0036
SerialWrite@dataWrite       cstackCOMMON 0070
_ACKDT                      (abs)        048D
_ACKEN                      (abs)        048C
_ADCON0                     (abs)        001F
_ADCON0bits                 (abs)        001F
_ADCON1                     (abs)        009F
_ADCON1bits                 (abs)        009F
_ADRESH                     (abs)        001E
_ADRESL                     (abs)        009E
_BRGH                       (abs)        04C2
_BufferLenght               dataBANK0    0039
_CCP1CON                    (abs)        0017
_CCP1Configuration          text17       0F75
_CCP1X                      (abs)        00BD
_CCP1Y                      (abs)        00BC
_CCP2CON                    (abs)        001D
_CCP2Configuration          text16       0005
_CCP2X                      (abs)        00ED
_CCP2Y                      (abs)        00EC
_CCPR1L                     (abs)        0015
_CCPR2L                     (abs)        001B
_CREN                       (abs)        00C4
_DataEnviar                 bssBANK0     0026
_Dato                       bssBANK0     0024
_Estado                     bssBANK0     002B
_FERR                       (abs)        00C2
_GIE                        (abs)        005F
_Informacion                bssBANK0     0020
_Initialization             text15       0FAC
_LED                        dataBANK0    0038
_OERR                       (abs)        00C1
_PBRead                     text14       0FD2
_PEIE                       (abs)        005E
_PEN                        (abs)        048A
_PORTAbits                  (abs)        0005
_PORTBbits                  (abs)        0006
_PORTCbits                  (abs)        0007
_PORTDbits                  (abs)        0008
_PORTE                      (abs)        0009
_PORTEbits                  (abs)        0009
_PR2                        (abs)        0092
_ProcessCommand             text8        0291
_RCEN                       (abs)        048B
_RCIF                       (abs)        0065
_RCREG                      (abs)        001A
_RSEN                       (abs)        0489
_SEN                        (abs)        0488
_SPBRG                      (abs)        0099
_SPEN                       (abs)        00C7
_SSPADD                     (abs)        0093
_SSPBUF                     (abs)        0013
_SSPCON                     (abs)        0014
_SSPCON2                    (abs)        0091
_SSPIE                      (abs)        0463
_SSPIF                      (abs)        0063
_SSPSTAT                    (abs)        0094
_SYNC                       (abs)        04C4
_SerialAvailable            text7        000A
_SerialAvailable$456        cstackCOMMON 0070
_SerialBegin                text2        0146
_SerialRead                 text6        0F80
_SerialWrite                text5        0F8B
_T2CON                      (abs)        0012
_TRISAbits                  (abs)        0085
_TRISBbits                  (abs)        0086
_TRISC3                     (abs)        043B
_TRISC4                     (abs)        043C
_TRISC6                     (abs)        043E
_TRISC7                     (abs)        043F
_TRISCbits                  (abs)        0087
_TRISDbits                  (abs)        0088
_TRISE                      (abs)        0089
_TRMT                       (abs)        04C1
_TXEN                       (abs)        04C5
_TXIF                       (abs)        0064
_TXREG                      (abs)        0019
_Valor                      bssBANK0     0029
__CFG_BOREN$OFF             (abs)        0000
__CFG_CP$OFF                (abs)        0000
__CFG_CPD$OFF               (abs)        0000
__CFG_FOSC$HS               (abs)        0000
__CFG_LVP$ON                (abs)        0000
__CFG_PWRTE$OFF             (abs)        0000
__CFG_WDTE$OFF              (abs)        0000
__CFG_WRT$OFF               (abs)        0000
__Habs1                     abs1         0000
__Hbank0                    bank0        0000
__Hbank1                    bank1        0000
__Hbank2                    bank2        0000
__Hbank3                    bank3        0000
__HbssBANK0                 bssBANK0     0000
__Hcinit                    cinit        0800
__Hclrtext                  clrtext      0000
__Hcode                     code         0000
__Hcommon                   common       0000
__Hconfig                   config       2008
__HcstackBANK0              cstackBANK0  0000
__HcstackCOMMON             cstackCOMMON 0000
__HdataBANK0                dataBANK0    0000
__Heeprom_data              eeprom_data  0000
__Hend_init                 end_init     0003
__Hfunctab                  functab      0000
__HidataBANK0               idataBANK0   0000
__Hidloc                    idloc        0000
__Hinit                     init         0000
__Hintentry                 intentry     0000
__Hmaintext                 maintext     0000
__Hpowerup                  powerup      0000
__Hram                      ram          0000
__Hreset_vec                reset_vec    0000
__Hsfr0                     sfr0         0000
__Hsfr1                     sfr1         0000
__Hsfr2                     sfr2         0000
__Hsfr3                     sfr3         0000
__Hspace_0                  (abs)        2008
__Hspace_1                  (abs)        007E
__Hspace_2                  (abs)        0000
__Hspace_3                  (abs)        0000
__Hstack                    stack        0000
__Hstrings                  strings      0000
__Htext                     text         0000
__Labs1                     abs1         0000
__Lbank0                    bank0        0000
__Lbank1                    bank1        0000
__Lbank2                    bank2        0000
__Lbank3                    bank3        0000
__LbssBANK0                 bssBANK0     0000
__Lcinit                    cinit        07E4
__Lclrtext                  clrtext      0000
__Lcode                     code         0000
__Lcommon                   common       0000
__Lconfig                   config       2007
__LcstackBANK0              cstackBANK0  0000
__LcstackCOMMON             cstackCOMMON 0000
__LdataBANK0                dataBANK0    0000
__Leeprom_data              eeprom_data  0000
__Lend_init                 end_init     0000
__Lfunctab                  functab      0000
__LidataBANK0               idataBANK0   0000
__Lidloc                    idloc        0000
__Linit                     init         0000
__Lintentry                 intentry     0000
__Lmaintext                 maintext     0000
__Lpowerup                  powerup      0000
__Lram                      ram          0000
__Lreset_vec                reset_vec    0000
__Lsfr0                     sfr0         0000
__Lsfr1                     sfr1         0000
__Lsfr2                     sfr2         0000
__Lsfr3                     sfr3         0000
__Lspace_0                  (abs)        0000
__Lspace_1                  (abs)        0000
__Lspace_2                  (abs)        0000
__Lspace_3                  (abs)        0000
__Lstack                    stack        0000
__Lstrings                  strings      0000
__Ltext                     text         0000
__S0                        (abs)        2008
__S1                        (abs)        007E
__S2                        (abs)        0000
__S3                        (abs)        0000
___aldiv                    text3        01EB
___aldiv@counter            cstackBANK0  002C
___aldiv@dividend           cstackCOMMON 0074
___aldiv@divisor            cstackCOMMON 0070
___aldiv@quotient           cstackBANK0  002E
___aldiv@sign               cstackBANK0  002D
___int_sp                   stack        0000
___latbits                  (abs)        0002
___sp                       stack        0000
__end_of_CCP1Configuration  text17       0F80
__end_of_CCP2Configuration  text16       000A
__end_of_Initialization     text15       0FD2
__end_of_PBRead             text14       1000
__end_of_ProcessCommand     text8        0346
__end_of_SerialAvailable    text7        0021
__end_of_SerialBegin        text2        01EB
__end_of_SerialRead         text6        0F8B
__end_of_SerialWrite        text5        0F97
__end_of___aldiv            text3        0291
__end_of__initialization    cinit        07FC
__end_of_analogRead         text13       0146
__end_of_analogWrite        text12       0069
__end_of_digitalRead        text11       07E4
__end_of_digitalWrite       text10       0564
__end_of_loop               text4        042D
__end_of_main               maintext     0FAC
__end_of_pinMode            text9        06A3
__end_of_setup              text1        00C0
__initialization            cinit        07E4
__pbssBANK0                 bssBANK0     0020
__pcstackBANK0              cstackBANK0  002C
__pcstackCOMMON             cstackCOMMON 0070
__pdataBANK0                dataBANK0    0038
__pidataBANK0               idataBANK0   0003
__pmaintext                 maintext     0F97
__ptext1                    text1        0069
__ptext10                   text10       042D
__ptext11                   text11       06A3
__ptext12                   text12       0021
__ptext13                   text13       00C0
__ptext14                   text14       0FD2
__ptext15                   text15       0FAC
__ptext16                   text16       0005
__ptext17                   text17       0F75
__ptext2                    text2        0146
__ptext3                    text3        01EB
__ptext4                    text4        0346
__ptext5                    text5        0F8B
__ptext6                    text6        0F80
__ptext7                    text7        000A
__ptext8                    text8        0291
__ptext9                    text9        0564
__size_of_CCP1Configuration (abs)        0000
__size_of_CCP2Configuration (abs)        0000
__size_of_Initialization    (abs)        0000
__size_of_PBRead            (abs)        0000
__size_of_ProcessCommand    (abs)        0000
__size_of_SerialAvailable   (abs)        0000
__size_of_SerialBegin       (abs)        0000
__size_of_SerialRead        (abs)        0000
__size_of_SerialWrite       (abs)        0000
__size_of___aldiv           (abs)        0000
__size_of_analogRead        (abs)        0000
__size_of_analogWrite       (abs)        0000
__size_of_digitalRead       (abs)        0000
__size_of_digitalWrite      (abs)        0000
__size_of_loop              (abs)        0000
__size_of_main              (abs)        0000
__size_of_pinMode           (abs)        0000
__size_of_setup             (abs)        0000
_analogRead                 text13       00C0
_analogWrite                text12       0021
_dada                       bssBANK0     0028
_digitalRead                text11       06A3
_digitalWrite               text10       042D
_loop                       text4        0346
_main                       maintext     0F97
_pinMode                    text9        0564
_setup                      text1        0069
analogRead@channel          cstackCOMMON 0074
analogWrite@pin             cstackCOMMON 0074
analogWrite@value           cstackCOMMON 0070
btemp                       (abs)        007E
digitalRead@pin             cstackCOMMON 0072
digitalWrite@pin            cstackCOMMON 0073
digitalWrite@value          cstackCOMMON 0070
end_of_initialization       cinit        07FC
intlevel0                   functab      0000
intlevel1                   functab      0000
intlevel2                   functab      0000
intlevel3                   functab      0000
intlevel4                   functab      0000
intlevel5                   functab      0000
loop@i                      cstackBANK0  002F
loop@j                      cstackBANK0  0031
pinMode@mode                cstackCOMMON 0070
pinMode@pin                 cstackCOMMON 0073
reset_vec                   reset_vec    0000
stackhi                     (abs)        0000
stacklo                     (abs)        0000
start                       init         0000
start_initialization        cinit        07E4
wtemp0                      (abs)        007E


FUNCTION INFORMATION:

 *************** function _main *****************
 Defined at:
		line 7 in file "source.c"
 Parameters:    Size  Location     Type
		None
 Auto vars:     Size  Location     Type
		None
 Return value:  Size  Location     Type
                  2  132[None  ] int 
 Registers used:
		wreg, fsr0l, fsr0h, status,2, status,0, btemp+1, pclath, cstack
 Tracked objects:
		On entry : 
		On exit  : 
		Unchanged: 
 Data sizes:     COMMON   BANK0   BANK1   BANK3   BANK2
      Params:         0       0       0       0       0
      Locals:         0       0       0       0       0
      Temps:          0       0       0       0       0
      Totals:         0       0       0       0       0
Total ram usage:        0 bytes
 Hardware stack levels required when called:    3
 This function calls:
		_Initialization
		_loop
		_setup
 This function is called by:
		Startup code after reset
 This function uses a non-reentrant model


 *************** function _setup *****************
 Defined at:
		line 29 in file "LIFPIC.c"
 Parameters:    Size  Location     Type
		None
 Auto vars:     Size  Location     Type
		None
 Return value:  Size  Location     Type
                  1    wreg      void 
 Registers used:
		wreg, fsr0l, fsr0h, status,2, status,0, pclath, cstack
 Tracked objects:
		On entry : 
		On exit  : 
		Unchanged: 
 Data sizes:     COMMON   BANK0   BANK1   BANK3   BANK2
      Params:         0       0       0       0       0
      Locals:         0       0       0       0       0
      Temps:          1       0       0       0       0
      Totals:         1       0       0       0       0
Total ram usage:        1 bytes
 Hardware stack levels used:    1
 Hardware stack levels required when called:    2
 This function calls:
		_SerialBegin
		_SerialRead
		_SerialWrite
		_digitalWrite
		_pinMode
 This function is called by:
		_main
 This function uses a non-reentrant model


 *************** function _SerialBegin *****************
 Defined at:
		line 436 in file "source.c"
 Parameters:    Size  Location     Type
  BaudRate        4    6[BANK0 ] const long 
 Auto vars:     Size  Location     Type
  x               2   10[BANK0 ] unsigned int 
 Return value:  Size  Location     Type
                  1    wreg      unsigned char 
 Registers used:
		wreg, status,2, status,0, pclath, cstack
 Tracked objects:
		On entry : 
		On exit  : 
		Unchanged: 
 Data sizes:     COMMON   BANK0   BANK1   BANK3   BANK2
      Params:         0       4       0       0       0
      Locals:         0       2       0       0       0
      Temps:          4       0       0       0       0
      Totals:         4       6       0       0       0
Total ram usage:       10 bytes
 Hardware stack levels used:    1
 Hardware stack levels required when called:    1
 This function calls:
		___aldiv
 This function is called by:
		_setup
 This function uses a non-reentrant model


 *************** function ___aldiv *****************
 Defined at:
		line 5 in file "C:\Program Files (x86)\Microchip\xc8\v2.00\pic\sources\c90\common\aldiv.c"
 Parameters:    Size  Location     Type
  divisor         4    0[COMMON] long 
  dividend        4    4[COMMON] long 
 Auto vars:     Size  Location     Type
  quotient        4    2[BANK0 ] long 
  sign            1    1[BANK0 ] unsigned char 
  counter         1    0[BANK0 ] unsigned char 
 Return value:  Size  Location     Type
                  4    0[COMMON] long 
 Registers used:
		wreg, status,2, status,0
 Tracked objects:
		On entry : 
		On exit  : 
		Unchanged: 
 Data sizes:     COMMON   BANK0   BANK1   BANK3   BANK2
      Params:         8       0       0       0       0
      Locals:         0       6       0       0       0
      Temps:          1       0       0       0       0
      Totals:         9       6       0       0       0
Total ram usage:       15 bytes
 Hardware stack levels used:    1
 This function calls:
		Nothing
 This function is called by:
		_SerialBegin
 This function uses a non-reentrant model


 *************** function _loop *****************
 Defined at:
		line 53 in file "LIFPIC.c"
 Parameters:    Size  Location     Type
		None
 Auto vars:     Size  Location     Type
  j               2    5[BANK0 ] int 
  i               2    3[BANK0 ] int 
 Return value:  Size  Location     Type
                  1    wreg      void 
 Registers used:
		wreg, fsr0l, fsr0h, status,2, status,0, btemp+1, pclath, cstack
 Tracked objects:
		On entry : 
		On exit  : 
		Unchanged: 
 Data sizes:     COMMON   BANK0   BANK1   BANK3   BANK2
      Params:         0       0       0       0       0
      Locals:         0       4       0       0       0
      Temps:          0       3       0       0       0
      Totals:         0       7       0       0       0
Total ram usage:        7 bytes
 Hardware stack levels used:    1
 Hardware stack levels required when called:    2
 This function calls:
		_ProcessCommand
		_SerialAvailable
		_SerialRead
		_SerialWrite
 This function is called by:
		_main
 This function uses a non-reentrant model


 *************** function _SerialWrite *****************
 Defined at:
		line 497 in file "source.c"
 Parameters:    Size  Location     Type
  dataWrite       1    wreg     unsigned char 
 Auto vars:     Size  Location     Type
  dataWrite       1    0[COMMON] unsigned char 
 Return value:  Size  Location     Type
                  1    wreg      void 
 Registers used:
		wreg
 Tracked objects:
		On entry : 
		On exit  : 
		Unchanged: 
 Data sizes:     COMMON   BANK0   BANK1   BANK3   BANK2
      Params:         0       0       0       0       0
      Locals:         1       0       0       0       0
      Temps:          0       0       0       0       0
      Totals:         1       0       0       0       0
Total ram usage:        1 bytes
 Hardware stack levels used:    1
 This function calls:
		Nothing
 This function is called by:
		_setup
		_loop
		_SerialWriteText
		_SerialPrint
		_SerialPrintLn
 This function uses a non-reentrant model


 *************** function _SerialRead *****************
 Defined at:
		line 532 in file "source.c"
 Parameters:    Size  Location     Type
		None
 Auto vars:     Size  Location     Type
		None
 Return value:  Size  Location     Type
                  1    wreg      unsigned char 
 Registers used:
		wreg
 Tracked objects:
		On entry : 
		On exit  : 
		Unchanged: 
 Data sizes:     COMMON   BANK0   BANK1   BANK3   BANK2
      Params:         0       0       0       0       0
      Locals:         0       0       0       0       0
      Temps:          0       0       0       0       0
      Totals:         0       0       0       0       0
Total ram usage:        0 bytes
 Hardware stack levels used:    1
 This function calls:
		Nothing
 This function is called by:
		_setup
		_loop
		_SerialReadText
 This function uses a non-reentrant model


 *************** function _SerialAvailable *****************
 Defined at:
		line 527 in file "source.c"
 Parameters:    Size  Location     Type
		None
 Auto vars:     Size  Location     Type
		None
 Return value:  Size  Location     Type
                  1    wreg      unsigned char 
 Registers used:
		status,2
 Tracked objects:
		On entry : 
		On exit  : 
		Unchanged: 
 Data sizes:     COMMON   BANK0   BANK1   BANK3   BANK2
      Params:         0       0       0       0       0
      Locals:         1       0       0       0       0
      Temps:          0       0       0       0       0
      Totals:         1       0       0       0       0
Total ram usage:        1 bytes
 Hardware stack levels used:    1
 This function calls:
		Nothing
 This function is called by:
		_loop
 This function uses a non-reentrant model


 *************** function _ProcessCommand *****************
 Defined at:
		line 115 in file "LIFPIC.c"
 Parameters:    Size  Location     Type
  instruction     1    wreg     unsigned char 
  port            1    5[COMMON] unsigned char 
  MSBData         1    6[COMMON] unsigned char 
  LSBData         1    7[COMMON] unsigned char 
 Auto vars:     Size  Location     Type
  instruction     1   10[COMMON] unsigned char 
  data            2   11[COMMON] unsigned int 
 Return value:  Size  Location     Type
                  2    5[COMMON] unsigned int 
 Registers used:
		wreg, fsr0l, fsr0h, status,2, status,0, btemp+1, pclath, cstack
 Tracked objects:
		On entry : 
		On exit  : 
		Unchanged: 
 Data sizes:     COMMON   BANK0   BANK1   BANK3   BANK2
      Params:         3       0       0       0       0
      Locals:         3       0       0       0       0
      Temps:          2       0       0       0       0
      Totals:         8       0       0       0       0
Total ram usage:        8 bytes
 Hardware stack levels used:    1
 Hardware stack levels required when called:    1
 This function calls:
		_PBRead
		_analogRead
		_analogWrite
		_digitalRead
		_digitalWrite
		_pinMode
 This function is called by:
		_loop
 This function uses a non-reentrant model


 *************** function _pinMode *****************
 Defined at:
		line 63 in file "source.c"
 Parameters:    Size  Location     Type
  pin             1    wreg     unsigned char 
  mode            1    0[COMMON] unsigned char 
 Auto vars:     Size  Location     Type
  pin             1    3[COMMON] unsigned char 
 Return value:  Size  Location     Type
                  1    wreg      void 
 Registers used:
		wreg, fsr0l, fsr0h, status,2, status,0
 Tracked objects:
		On entry : 
		On exit  : 
		Unchanged: 
 Data sizes:     COMMON   BANK0   BANK1   BANK3   BANK2
      Params:         1       0       0       0       0
      Locals:         1       0       0       0       0
      Temps:          2       0       0       0       0
      Totals:         4       0       0       0       0
Total ram usage:        4 bytes
 Hardware stack levels used:    1
 This function calls:
		Nothing
 This function is called by:
		_setup
		_ProcessCommand
 This function uses a non-reentrant model


 *************** function _digitalWrite *****************
 Defined at:
		line 162 in file "source.c"
 Parameters:    Size  Location     Type
  pin             1    wreg     unsigned char 
  value           1    0[COMMON] unsigned char 
 Auto vars:     Size  Location     Type
  pin             1    3[COMMON] unsigned char 
 Return value:  Size  Location     Type
                  1    wreg      void 
 Registers used:
		wreg, fsr0l, fsr0h, status,2, status,0
 Tracked objects:
		On entry : 
		On exit  : 
		Unchanged: 
 Data sizes:     COMMON   BANK0   BANK1   BANK3   BANK2
      Params:         1       0       0       0       0
      Locals:         1       0       0       0       0
      Temps:          2       0       0       0       0
      Totals:         4       0       0       0       0
Total ram usage:        4 bytes
 Hardware stack levels used:    1
 This function calls:
		Nothing
 This function is called by:
		_setup
		_ProcessCommand
 This function uses a non-reentrant model


 *************** function _digitalRead *****************
 Defined at:
		line 249 in file "source.c"
 Parameters:    Size  Location     Type
  pin             1    wreg     unsigned char 
 Auto vars:     Size  Location     Type
  pin             1    2[COMMON] unsigned char 
 Return value:  Size  Location     Type
                  1    wreg      unsigned char 
 Registers used:
		wreg, fsr0l, fsr0h, status,2, status,0
 Tracked objects:
		On entry : 
		On exit  : 
		Unchanged: 
 Data sizes:     COMMON   BANK0   BANK1   BANK3   BANK2
      Params:         0       0       0       0       0
      Locals:         1       0       0       0       0
      Temps:          2       0       0       0       0
      Totals:         3       0       0       0       0
Total ram usage:        3 bytes
 Hardware stack levels used:    1
 This function calls:
		Nothing
 This function is called by:
		_ProcessCommand
 This function uses a non-reentrant model


 *************** function _analogWrite *****************
 Defined at:
		line 397 in file "source.c"
 Parameters:    Size  Location     Type
  pin             1    wreg     unsigned char 
  value           2    0[COMMON] unsigned int 
 Auto vars:     Size  Location     Type
  pin             1    4[COMMON] unsigned char 
 Return value:  Size  Location     Type
                  1    wreg      unsigned char 
 Registers used:
		wreg, fsr0l, fsr0h, status,2, status,0
 Tracked objects:
		On entry : 
		On exit  : 
		Unchanged: 
 Data sizes:     COMMON   BANK0   BANK1   BANK3   BANK2
      Params:         2       0       0       0       0
      Locals:         1       0       0       0       0
      Temps:          2       0       0       0       0
      Totals:         5       0       0       0       0
Total ram usage:        5 bytes
 Hardware stack levels used:    1
 This function calls:
		Nothing
 This function is called by:
		_ProcessCommand
 This function uses a non-reentrant model


 *************** function _analogRead *****************
 Defined at:
		line 336 in file "source.c"
 Parameters:    Size  Location     Type
  channel         1    wreg     unsigned char 
 Auto vars:     Size  Location     Type
  channel         1    4[COMMON] unsigned char 
 Return value:  Size  Location     Type
                  2    0[COMMON] unsigned int 
 Registers used:
		wreg, fsr0l, fsr0h, status,2, status,0
 Tracked objects:
		On entry : 
		On exit  : 
		Unchanged: 
 Data sizes:     COMMON   BANK0   BANK1   BANK3   BANK2
      Params:         2       0       0       0       0
      Locals:         1       0       0       0       0
      Temps:          2       0       0       0       0
      Totals:         5       0       0       0       0
Total ram usage:        5 bytes
 Hardware stack levels used:    1
 This function calls:
		Nothing
 This function is called by:
		_ProcessCommand
 This function uses a non-reentrant model


 *************** function _PBRead *****************
 Defined at:
		line 416 in file "source.c"
 Parameters:    Size  Location     Type
  pin             1    wreg     unsigned char 
 Auto vars:     Size  Location     Type
  pin             1    2[COMMON] unsigned char 
 Return value:  Size  Location     Type
                  1    wreg      unsigned char 
 Registers used:
		wreg, fsr0l, fsr0h, status,2, status,0
 Tracked objects:
		On entry : 
		On exit  : 
		Unchanged: 
 Data sizes:     COMMON   BANK0   BANK1   BANK3   BANK2
      Params:         0       0       0       0       0
      Locals:         1       0       0       0       0
      Temps:          2       0       0       0       0
      Totals:         3       0       0       0       0
Total ram usage:        3 bytes
 Hardware stack levels used:    1
 This function calls:
		Nothing
 This function is called by:
		_ProcessCommand
 This function uses a non-reentrant model


 *************** function _Initialization *****************
 Defined at:
		line 18 in file "source.c"
 Parameters:    Size  Location     Type
		None
 Auto vars:     Size  Location     Type
		None
 Return value:  Size  Location     Type
                  1    wreg      void 
 Registers used:
		wreg, status,2, status,0, pclath, cstack
 Tracked objects:
		On entry : 
		On exit  : 
		Unchanged: 
 Data sizes:     COMMON   BANK0   BANK1   BANK3   BANK2
      Params:         0       0       0       0       0
      Locals:         0       0       0       0       0
      Temps:          0       0       0       0       0
      Totals:         0       0       0       0       0
Total ram usage:        0 bytes
 Hardware stack levels used:    1
 Hardware stack levels required when called:    1
 This function calls:
		_CCP1Configuration
		_CCP2Configuration
 This function is called by:
		_main
 This function uses a non-reentrant model


 *************** function _CCP2Configuration *****************
 Defined at:
		line 55 in file "source.c"
 Parameters:    Size  Location     Type
		None
 Auto vars:     Size  Location     Type
		None
 Return value:  Size  Location     Type
                  1    wreg      void 
 Registers used:
		wreg
 Tracked objects:
		On entry : 
		On exit  : 
		Unchanged: 
 Data sizes:     COMMON   BANK0   BANK1   BANK3   BANK2
      Params:         0       0       0       0       0
      Locals:         0       0       0       0       0
      Temps:          0       0       0       0       0
      Totals:         0       0       0       0       0
Total ram usage:        0 bytes
 Hardware stack levels used:    1
 This function calls:
		Nothing
 This function is called by:
		_Initialization
 This function uses a non-reentrant model


 *************** function _CCP1Configuration *****************
 Defined at:
		line 44 in file "source.c"
 Parameters:    Size  Location     Type
		None
 Auto vars:     Size  Location     Type
		None
 Return value:  Size  Location     Type
                  1    wreg      void 
 Registers used:
		wreg
 Tracked objects:
		On entry : 
		On exit  : 
		Unchanged: 
 Data sizes:     COMMON   BANK0   BANK1   BANK3   BANK2
      Params:         0       0       0       0       0
      Locals:         0       0       0       0       0
      Temps:          0       0       0       0       0
      Totals:         0       0       0       0       0
Total ram usage:        0 bytes
 Hardware stack levels used:    1
 This function calls:
		Nothing
 This function is called by:
		_Initialization
 This function uses a non-reentrant model



MODULE INFORMATION

Module		Function		Class		Link	Load	Size
source.c
		_SerialAvailable		CODE           	000A	0000	24
		_main          		CODE           	0F97	0000	22
		_SerialRead    		CODE           	0F80	0000	12
		_SerialBegin   		CODE           	0146	0000	166
		_analogWrite   		CODE           	0021	0000	73
		_digitalRead   		CODE           	06A3	0000	322
		_digitalWrite  		CODE           	042D	0000	312
		_CCP1Configuration		CODE           	0F75	0000	12
		_PBRead        		CODE           	0FD2	0000	47
		_CCP2Configuration		CODE           	0005	0000	6
		_Initialization		CODE           	0FAC	0000	39
		_SerialWrite   		CODE           	0F8B	0000	13
		_pinMode       		CODE           	0564	0000	320
		_analogRead    		CODE           	00C0	0000	135

source.c estimated size: 1503

shared
		__initialization		CODE           	07E4	0000	25

shared estimated size: 25

C:\Program Files (x86)\Microchip\xc8\v2.00\pic\sources\c90\common\aldiv.c
		___aldiv       		CODE           	01EB	0000	167

C:\Program Files (x86)\Microchip\xc8\v2.00\pic\sources\c90\common\aldiv.c estimated size: 167

LIFPIC.c
		_loop          		CODE           	0346	0000	232
		_setup         		CODE           	0069	0000	88
		_ProcessCommand		CODE           	0291	0000	182

LIFPIC.c estimated size: 502

